// Jest Snapshot v1, https://goo.gl/fbAQLP

exports[`IdentityWallet .create Creates instance from seed 1`] = `
Object {
  "@context": "https://w3id.org/did/v1",
  "authentication": Array [
    Object {
      "publicKey": "did:3:bafyreiaaskoyjlkq7a5mwdum5pzvhn3r45lqsmp7v622yko3etqc4wpmje#signing",
      "type": "Secp256k1SignatureAuthentication2018",
    },
  ],
  "id": "did:3:bafyreiaaskoyjlkq7a5mwdum5pzvhn3r45lqsmp7v622yko3etqc4wpmje",
  "keyAgreement": Array [
    Object {
      "controller": "did:3:bafyreiaaskoyjlkq7a5mwdum5pzvhn3r45lqsmp7v622yko3etqc4wpmje",
      "id": "did:3:bafyreiaaskoyjlkq7a5mwdum5pzvhn3r45lqsmp7v622yko3etqc4wpmje#encryption",
      "publicKeyBase58": "AVgughn1R4BTrRL2gP6ZmVAhWrzTHRx9jjbi5iKkeXK6",
      "type": "X25519KeyAgreementKey2019",
    },
  ],
  "publicKey": Array [
    Object {
      "controller": "did:3:bafyreiaaskoyjlkq7a5mwdum5pzvhn3r45lqsmp7v622yko3etqc4wpmje",
      "id": "did:3:bafyreiaaskoyjlkq7a5mwdum5pzvhn3r45lqsmp7v622yko3etqc4wpmje#signing",
      "publicKeyHex": "027ab5238257532f486cbeeac59a5721bbfec2f13c3d26516ca9d4c5f0ec1aa229",
      "type": "Secp256k1VerificationKey2018",
    },
    Object {
      "controller": "did:3:bafyreiaaskoyjlkq7a5mwdum5pzvhn3r45lqsmp7v622yko3etqc4wpmje",
      "id": "did:3:bafyreiaaskoyjlkq7a5mwdum5pzvhn3r45lqsmp7v622yko3etqc4wpmje#encryption",
      "publicKeyBase64": "jRKRy3oPhXpUBrFJefO2CJnWw/IoalOPuepAwvTqrEk=",
      "type": "Curve25519EncryptionPublicKey",
    },
  ],
  "service": Array [
    Object {
      "id": "did:3:bafyreiaaskoyjlkq7a5mwdum5pzvhn3r45lqsmp7v622yko3etqc4wpmje#idx",
      "serviceEndpoint": "ceramic://bagcqceralak3hhzv5xom27djnpq5mi7fgozn6ssar4yhhjfq4qcax2bfemnq",
      "type": "IdentityIndexRoot",
    },
  ],
}
`;
