// Jest Snapshot v1, https://goo.gl/fbAQLP

exports[`ThreeIDX creates 3id doc 1`] = `
Object {
  "anchorStatus": 0,
  "content": Object {
    "publicKeys": Object {
      "5rFyC95qwGXUokA": "zQ3shTGj6xVzEsyR5xRr1JQ6nm3CHBrws85rFyC95qwGXUokA",
      "YgmQJCC4FPsiSVf": "z6LSfM86nM4fYaHyUbRVDEG1itNw4j9GHYgmQJCC4FPsiSVf",
    },
  },
  "doctype": "tile",
  "log": Array [
    Object {
      "codec": "dag-jose",
      "hash": Uint8Array [
        18,
        32,
        224,
        91,
        122,
        238,
        150,
        222,
        162,
        223,
        157,
        200,
        205,
        74,
        194,
        13,
        121,
        201,
        146,
        228,
        71,
        140,
        41,
        33,
        65,
        218,
        35,
        95,
        8,
        123,
        104,
        207,
        23,
        172,
      ],
      "version": 1,
    },
  ],
  "metadata": Object {
    "controllers": Array [
      "did:key:zQ3shggrPaEwrC8tcvUwg1bwUPAos4XLXPUUH5uFcCnjSkqAm",
    ],
    "family": "3id",
  },
  "signature": 2,
}
`;
